"20-basic-classes.cl", line 1:18, Semantic error: Class A has undefined parent IO
Compilation halted
